// Jest Snapshot v1, https://goo.gl/fbAQLP

exports[`<Page1Component /> renders correctly 1`] = `
<div>
  <input
    data-testid="input"
    type="text"
  />
  <div />
  <button
    onClick={[Function]}
  >
    submit
  </button>
</div>
`;
